[初始化] 正在连接视觉节点 192.168.137.209:8000 ...
[Info] 底盘驱动以本地模拟模式 (Mock Mode) 运行...
[Simulate Send] stop
[Simulate Recv] cmd:ok
[Simulate Send] heading_hold,1
[Simulate Recv] heading_hold:on
[Simulate Send] contact_enable,0
[Simulate Recv] contact:ok
[Simulate Send] motion_cfg,3.000,3.000,3.142,0.600,1.000,0.0050,0.0150,30000
[Simulate Recv] motion_cfg:ok
[通信] 成功连接到香橙派视觉节点 192.168.137.209:8000
[Simulate Send] odom_reset
[Simulate Recv] odom_reset:ok
[Info] 握手完成：stop / heading_hold / contact / motion_cfg / odom_reset 全部确认，A 板就绪
底盘就绪
[IK] 成功载入标定参数文件: /home/pinqu/RG/raspberrypi/arm/servo_calibration_result.json
[IK] 成功载入标定参数文件: /home/pinqu/RG/raspberrypi/arm/servo_calibration_result.json
[IK] 成功载入标定参数文件: /home/pinqu/RG/raspberrypi/arm/servo_calibration_result.json
[连接] 正在打开串口 /dev/ttyUSB1 (波特率 9600)...
[错误] 打开串口失败: [Errno 2] could not open port /dev/ttyUSB1: [Errno 2] No such file or directory: '/dev/ttyUSB1'
[警告] 机械臂连接失败，本次只做路线+视觉停车、不抓取
[初始化] 等待视觉节点数据...
[初始化] 视觉节点连接成功！等待视觉预热 10 秒...
[初始化] 视觉预热完成，开始执行任务！

==================================================
  开始路线巡航（共 3 段）
==================================================

[路段 1/3] 前进 0.8m
