[初始化] 正在连接视觉节点 192.168.137.209:8000 ...
[Info] 串口已打开 /dev/ttyAboard @ 115200，开始握手 (stop → motion_cfg → odom_reset)...
[TX] stop
[RX] cmd:ok
[TX] heading_hold,1
[RX] heading_hold:on
[TX] contact_enable,0
[RX] contact:ok
[TX] motion_cfg,3.000,3.000,3.142,0.600,1.000,0.0050,0.0300,30000
[RX] motion_cfg:ok
[TX] odom_reset
[RX] odom_reset:ok
[Info] 握手完成：stop / heading_hold / contact / motion_cfg / odom_reset 全部确认，A 板就绪
底盘就绪
[IK] 成功载入标定参数文件: /home/pinqu/RG/raspberrypi/arm/servo_calibration_result.json
[IK] 成功载入标定参数文件: /home/pinqu/RG/raspberrypi/arm/servo_calibration_result.json
[IK] 成功载入标定参数文件: /home/pinqu/RG/raspberrypi/arm/servo_calibration_result.json
[连接] 正在打开串口 /dev/ttyArm (波特率 9600)...
[成功] 串口 /dev/ttyArm 已就绪
-------------------------------------------------------
【等待机械臂响应】
 👉 请检查机械臂电源是否打开。
 👉 若尚未切换模式，请【短按 1 次主板底板上的 KEY1】切换到 PC 模式！
    (蜂鸣器鸣响 2 声，模式指示灯每秒闪烁 1 次)
-------------------------------------------------------

[握手成功] 机械臂已连接！驱动类型: 总线舵机版, 固件版本: V1
机械臂就绪
[初始化] 等待视觉节点数据...
[通信] 成功连接到香橙派视觉节点 192.168.137.209:8000
[初始化] 视觉节点连接成功！
[检查] 正在读取底盘 A 板安全使能状态...
等待视觉预热 10 秒...
[初始化] 视觉预热完成，开始执行任务！

####################################################################
#  第一大段（阶段 1~9）  第 1 / 3 遍  开始
####################################################################


============================================================
  【分段测试 1/3】抓取紫色块
  起点要求：车摆在本阶段巡航路线的起点
============================================================

==================================================
  开始路线巡航（共 3 段）
==================================================

[路段 1/3] 前进 0.8m
    [保护] 本段实际路程上限 1.50m
[TX] 0.600,0.000,0.000
[RX] cmd:ok
[TX] 0.600,0.000,0.000
[RX] cmd:ok
[TX] 0.600,0.000,0.000
[TX] 0.600,0.000,0.000
[RX] cmd:ok
[RX] cmd:ok
[TX] 0.600,0.000,0.000
[RX] cmd:ok
[TX] 0.600,0.000,0.000
[RX] cmd:ok
[TX] 0.600,0.000,0.000
[RX] cmd:ok
[TX] 0.600,0.000,0.000
[RX] cmd:ok
[TX] 0.600,0.000,0.000
[RX] cmd:ok
[TX] 0.600,0.000,0.000
[RX] cmd:ok
[TX] 0.600,0.000,0.000
[RX] cmd:ok
[TX] 0.600,0.000,0.000
[RX] cmd:ok
[TX] 0.600,0.000,0.000
[RX] cmd:ok
[TX] 0.600,0.000,0.000
[TX] 0.600,0.000,0.000
[RX] cmd:ok
[RX] cmd:ok
[TX] 0.600,0.000,0.000
[TX] 0.600,0.000,0.000
[RX] cmd:ok
[RX] cmd:ok
[TX] 0.600,0.000,0.000
[RX] cmd:ok
[TX] 0.600,0.000,0.000
[TX] 0.600,0.000,0.000
[RX] cmd:ok
[RX] cmd:ok
[TX] 0.600,0.000,0.000
[RX] cmd:ok
[TX] 0.600,0.000,0.000
[RX] cmd:ok
[TX] 0.600,0.000,0.000
[RX] cmd:ok
[TX] 0.600,0.000,0.000
[RX] cmd:ok
[TX] 0.600,0.000,0.000
[RX] cmd:ok
[TX] 0.600,0.000,0.000
[TX] 0.600,0.000,0.000
[RX] cmd:ok
[TX] 0.200,0.000,0.000
[RX] cmd:ok
[TX] 0.200,0.000,0.000
[RX] cmd:ok
[TX] 0.200,0.000,0.000
[RX] cmd:ok
[TX] 0.200,0.000,0.000
[混合] 前进 0.8m → 向右平移 2.2m（10 步）
[TX] 0.180,-0.060,0.000
[RX] cmd:ok
[TX] 0.160,-0.120,0.000
[RX] cmd:ok
[RX] cmd:ok
[TX] 0.140,-0.180,0.000
[RX] cmd:ok
[TX] 0.120,-0.240,0.000
[RX] cmd:ok
[TX] 0.100,-0.300,0.000
[RX] cmd:ok
[RX] cmd:ok
[TX] 0.080,-0.360,0.000
[TX] 0.060,-0.420,0.000
[RX] cmd:ok
[RX] cmd:ok
[TX] 0.040,-0.480,0.000
[RX] cmd:ok
[TX] 0.020,-0.540,0.000
[TX] 0.000,-0.600,0.000

[路段 2/3] 向右平移 2.2m
    [保护] 本段实际路程上限 3.58m
[RX] cmd:ok
[RX] cmd:ok
[TX] 0.000,-0.600,0.000
[TX] 0.000,-0.600,0.000
[RX] cmd:ok
[RX] cmd:ok
[TX] 0.000,-0.600,0.000
[TX] 0.000,-0.600,0.000
[RX] cmd:ok
[RX] cmd:ok
[TX] 0.000,-0.600,0.000
[TX] 0.000,-0.600,0.000
[RX] cmd:ok
[RX] cmd:ok
[TX] 0.000,-0.600,0.000
[RX] cmd:ok
[TX] 0.000,-0.600,0.000
[RX] cmd:ok
[TX] 0.000,-0.600,0.000
[RX] cmd:ok
[TX] 0.000,-0.600,0.000
[RX] cmd:ok
[TX] 0.000,-0.600,0.000
[RX] cmd:ok
[TX] 0.000,-0.600,0.000
[RX] cmd:ok
[TX] 0.000,-0.600,0.000
[TX] 0.000,-0.600,0.000
[RX] cmd:ok
[RX] cmd:ok
[TX] 0.000,-0.600,0.000
[RX] cmd:ok
[TX] 0.000,-0.600,0.000
[RX] cmd:ok
[TX] 0.000,-0.600,0.000
[RX] cmd:ok
[TX] 0.000,-0.600,0.000
[TX] 0.000,-0.600,0.000
[RX] cmd:ok
[RX] cmd:ok
[TX] 0.000,-0.600,0.000
[RX] cmd:ok
[TX] 0.000,-0.600,0.000
[RX] cmd:ok
[TX] 0.000,-0.600,0.000
[RX] cmd:ok
[TX] 0.000,-0.600,0.000
[RX] cmd:ok
[TX] 0.000,-0.600,0.000
[RX] cmd:ok
[TX] 0.000,-0.600,0.000
[RX] cmd:ok
[TX] 0.000,-0.600,0.000
[RX] cmd:ok
[TX] 0.000,-0.600,0.000
[RX] cmd:ok
[TX] 0.000,-0.600,0.000
[RX] cmd:ok
[TX] 0.000,-0.600,0.000
[RX] cmd:ok
[TX] 0.000,-0.600,0.000
[RX] cmd:ok
[TX] 0.000,-0.600,0.000
[RX] cmd:ok
[TX] 0.000,-0.600,0.000
[RX] cmd:ok
[TX] 0.000,-0.600,0.000
[TX] 0.000,-0.600,0.000
[RX] cmd:ok
[RX] cmd:ok
[TX] 0.000,-0.600,0.000
[RX] cmd:ok
[TX] 0.000,-0.600,0.000
[RX] cmd:ok
[TX] 0.000,-0.600,0.000
[RX] cmd:ok
[TX] 0.000,-0.600,0.000
[RX] cmd:ok
[TX] 0.000,-0.600,0.000
[RX] cmd:ok
[TX] 0.000,-0.600,0.000
[RX] cmd:ok
[TX] 0.000,-0.600,0.000
[RX] cmd:ok
[TX] 0.000,-0.600,0.000
[RX] cmd:ok
[TX] 0.000,-0.600,0.000
[RX] cmd:ok
[TX] 0.000,-0.600,0.000
[TX] 0.000,-0.600,0.000
[RX] cmd:ok
[RX] cmd:ok
[TX] 0.000,-0.600,0.000
[RX] cmd:ok
[TX] 0.000,-0.600,0.000
[RX] cmd:ok
[TX] 0.000,-0.600,0.000
[RX] cmd:ok
[TX] 0.000,-0.600,0.000
[RX] cmd:ok
[TX] 0.000,-0.600,0.000
[RX] cmd:ok
[TX] 0.000,-0.600,0.000
[RX] cmd:ok
[TX] 0.000,-0.600,0.000
[RX] cmd:ok
[TX] 0.000,-0.600,0.000
[RX] cmd:ok
[TX] 0.000,-0.600,0.000
[RX] cmd:ok
[TX] 0.000,-0.600,0.000
[RX] cmd:ok
[TX] 0.000,-0.600,0.000
[RX] cmd:ok
[TX] 0.000,-0.600,0.000
[RX] cmd:ok
[TX] 0.000,-0.600,0.000
[RX] cmd:ok
[TX] 0.000,-0.200,0.000
[TX] 0.000,-0.200,0.000
[TX] 0.000,-0.200,0.000
[TX] 0.000,-0.200,0.000
[TX] 0.000,-0.200,0.000
[RX] cmd:ok
[RX] cmd:ok
[RX] cmd:ok
[RX] cmd:ok
[TX] 0.000,-0.200,0.000
[RX] cmd:ok
[TX] 0.000,-0.200,0.000
[RX] cmd:ok
[TX] 0.000,-0.200,0.000
[TX] 0.000,-0.200,0.000
[RX] cmd:ok
[RX] cmd:ok
[TX] 0.000,-0.200,0.000
[混合] 向右平移 2.2m → 前进 1.6m（10 步）
[TX] 0.060,-0.180,0.000
[RX] cmd:ok
[TX] 0.120,-0.160,0.000
[RX] cmd:ok
[RX] cmd:ok
[TX] 0.180,-0.140,0.000
[RX] cmd:ok
[TX] 0.240,-0.120,0.000
[RX] cmd:ok
[TX] 0.300,-0.100,0.000
[RX] cmd:ok
[RX] cmd:ok
[TX] 0.360,-0.080,0.000
[TX] 0.420,-0.060,0.000
[RX] cmd:ok
[RX] cmd:ok
[TX] 0.480,-0.040,0.000
[RX] cmd:ok
[TX] 0.540,-0.020,0.000
[TX] 0.600,0.000,0.000

[路段 3/3] 前进 1.6m
    [保护] 本段实际路程上限 2.45m
[RX] cmd:ok
[RX] cmd:ok
[TX] 0.600,0.000,0.000
[RX] cmd:ok
[TX] 0.600,0.000,0.000
[RX] cmd:ok
[TX] 0.600,0.000,0.000
[RX] cmd:ok
[TX] 0.600,0.000,0.000
[RX] cmd:ok
[TX] 0.600,0.000,0.000
[RX] cmd:ok
[TX] 0.600,0.000,0.000
[RX] cmd:ok
[TX] 0.600,0.000,0.000
[TX] 0.600,0.000,0.000
[RX] cmd:ok
[RX] cmd:ok
[TX] 0.600,0.000,0.000
[RX] cmd:ok
[TX] 0.600,0.000,0.000
[RX] cmd:ok
[TX] 0.600,0.000,0.000
[TX] 0.600,0.000,0.000
[RX] cmd:ok
[RX] cmd:ok
[TX] 0.600,0.000,0.000
[TX] 0.600,0.000,0.000
[RX] cmd:ok
[RX] cmd:ok
[TX] 0.600,0.000,0.000
[RX] cmd:ok
[TX] 0.600,0.000,0.000
[TX] 0.600,0.000,0.000
[RX] cmd:ok
[RX] cmd:ok
[TX] 0.600,0.000,0.000
[RX] cmd:ok
[TX] 0.600,0.000,0.000
[RX] cmd:ok
[TX] 0.600,0.000,0.000
[RX] cmd:ok
[TX] 0.600,0.000,0.000
[TX] 0.600,0.000,0.000
[RX] cmd:ok
[RX] cmd:ok
[TX] 0.600,0.000,0.000
[RX] cmd:ok
[TX] 0.600,0.000,0.000
[RX] cmd:ok
[TX] 0.600,0.000,0.000
[RX] cmd:ok
[TX] 0.600,0.000,0.000
[RX] cmd:ok
[TX] 0.600,0.000,0.000
[RX] cmd:ok
[TX] 0.600,0.000,0.000
[RX] cmd:ok
[TX] 0.600,0.000,0.000
[RX] cmd:ok
[TX] 0.600,0.000,0.000
[RX] cmd:ok
[TX] 0.600,0.000,0.000
[TX] 0.600,0.000,0.000
[RX] cmd:ok
[RX] cmd:ok
[TX] 0.600,0.000,0.000
[RX] cmd:ok
[TX] 0.600,0.000,0.000
[RX] cmd:ok
[TX] 0.600,0.000,0.000
[RX] cmd:ok
[TX] 0.600,0.000,0.000
[RX] cmd:ok
[TX] 0.600,0.000,0.000
[RX] cmd:ok
[TX] 0.600,0.000,0.000
[RX] cmd:ok
[TX] 0.200,0.000,0.000
[TX] 0.200,0.000,0.000
[TX] 0.200,0.000,0.000
[TX] 0.200,0.000,0.000
[RX] cmd:ok
[RX] cmd:ok
[RX] cmd:ok
[TX] 0.200,0.000,0.000
[TX] 0.200,0.000,0.000
[RX] cmd:ok
[RX] cmd:ok
[TX] 0.200,0.000,0.000
[TX] 0.200,0.000,0.000
[RX] cmd:ok
[RX] cmd:ok
[TX] 0.200,0.000,0.000
[混合] 前进 1.6m → 左移撞墙（10 步）
[TX] 0.180,0.060,0.000
[RX] cmd:ok
[RX] cmd:ok
[TX] 0.160,0.120,0.000
[RX] cmd:ok
[TX] 0.140,0.180,0.000
[RX] cmd:ok
[TX] 0.120,0.240,0.000
[RX] cmd:ok
[RX] cmd:ok
[TX] 0.100,0.300,0.000
[TX] 0.080,0.360,0.000
[RX] cmd:ok
[TX] 0.060,0.420,0.000
[RX] cmd:ok
[TX] 0.040,0.480,0.000
[RX] cmd:ok
[TX] 0.020,0.540,0.000
[RX] cmd:ok
[TX] 0.000,0.600,0.000

==================================================
  路线巡航完成
==================================================

[撞墙段] 紫块左移撞墙（最大 0.20m，堵转 0.4s，撞墙即停）
[TX] stop
[TX] contact_enable,0
[TX] heading_hold,0
[RX] cmd:ok
[RX] cmd:ok
[RX] cmd:ok
[RX] contact:ok
[RX] heading_hold:off
[TX] 0.000,0.600,0.000
[TX] 0.000,0.600,0.000
[TX] 0.000,0.600,0.000
[RX] cmd:ok
[RX] cmd:ok
[TX] 0.000,0.600,0.000
[RX] cmd:ok
[TX] 0.000,0.600,0.000
[RX] cmd:ok
[TX] 0.000,0.597,0.000
[RX] cmd:ok
[TX] 0.000,0.597,0.000
[RX] cmd:ok
[TX] 0.000,0.597,0.000
[RX] cmd:ok
[TX] 0.000,0.597,0.000
[TX] 0.000,0.597,0.000
[RX] cmd:ok
[TX] 0.000,0.567,0.000
[RX] cmd:ok
[RX] cmd:ok
[TX] 0.000,0.567,0.000
[RX] cmd:ok
[TX] 0.000,0.567,0.000
[RX] cmd:ok
[TX] 0.000,0.567,0.000
[RX] cmd:ok
[TX] 0.000,0.567,0.000
[RX] cmd:ok
[TX] 0.000,0.507,0.000
[RX] cmd:ok
[TX] 0.000,0.507,0.000
[RX] cmd:ok
[TX] 0.000,0.507,0.000
[RX] cmd:ok
[TX] 0.000,0.507,0.000
[TX] 0.000,0.507,0.000
[RX] cmd:ok
[RX] cmd:ok
[TX] 0.000,0.420,0.000
[RX] cmd:ok
[TX] 0.000,0.420,0.000
[RX] cmd:ok
[TX] 0.000,0.420,0.000
[RX] cmd:ok
[TX] 0.000,0.420,0.000
[RX] cmd:ok
[TX] 0.000,0.305,0.000
[TX] 0.000,0.305,0.000
[RX] cmd:ok
[RX] cmd:ok
[TX] 0.000,0.305,0.000
[RX] cmd:ok
[TX] 0.000,0.305,0.000
[TX] 0.000,0.305,0.000
[RX] cmd:ok
[TX] 0.000,0.205,0.000
[TX] 0.000,0.205,0.000
[RX] cmd:ok
[RX] cmd:ok
[RX] cmd:ok
[TX] 0.000,0.205,0.000
[RX] cmd:ok
[TX] 0.000,0.205,0.000
[TX] 0.000,0.205,0.000
[RX] cmd:ok
[TX] 0.000,0.205,0.000
[RX] cmd:ok
[RX] cmd:ok
[TX] 0.000,0.132,0.000
[RX] cmd:ok
[TX] 0.000,0.132,0.000
[RX] cmd:ok
[TX] 0.000,0.132,0.000
[RX] cmd:ok
[TX] 0.000,0.132,0.000
[RX] cmd:ok
[TX] 0.000,0.100,0.000
[TX] stop
[撞墙段] 紫块左移撞墙走完 0.20m，未碰墙
[撞墙段] ⚠ 紫块左移撞墙：走了 0.21m（上限 0.20m）仍未检测到碰墙。车没顶到墙面，下面重置出来的基准点**不是**真实的撞墙位置。多半是这一段的 WALL_*_MAX 给小了，或现场有东西把车挡住了，请核对。

[基准重置] 紫块左移撞墙完成，将当前物理位姿重置为绝对基准原点 (0,0,0)...
[TX] odom_reset
[RX] cmd:ok
[RX] cmd:ok
[RX] odom_reset:ok
[基准重置] A 板里程计重置成功！
[TX] heading_hold,1
[RX] heading_hold:on
[视觉] 前进检测，最多 0.90m；未检测到则后退重新检测
[视觉] 准备切换到 low 摄像头...
[视觉] 切换命令已发送，等待 1.5 秒预热...
[TX] 0.050,0.000,0.000
[RX] cmd:ok
[TX] 0.050,0.000,0.000
[RX] cmd:ok
[TX] 0.050,0.000,0.000
[RX] cmd:ok
[TX] 0.050,0.000,0.000
[RX] cmd:ok
[TX] 0.050,0.000,0.000
[RX] cmd:ok
[TX] 0.050,0.000,0.000
[RX] cmd:ok
[TX] 0.050,0.000,0.000
[RX] cmd:ok
[TX] 0.050,0.000,0.000
[TX] 0.050,0.000,0.000
[RX] cmd:ok
[RX] cmd:ok
[TX] 0.050,0.000,0.000
[TX] 0.050,0.000,0.000
[RX] cmd:ok
[RX] cmd:ok
[TX] 0.050,0.000,0.000
[TX] 0.050,0.000,0.000
[RX] cmd:ok
[RX] cmd:ok
[TX] 0.050,0.000,0.000
[RX] cmd:ok
[TX] 0.050,0.000,0.000
[TX] 0.050,0.000,0.000
[TX] 0.050,0.000,0.000
[RX] cmd:ok
[RX] cmd:ok
[TX] 0.050,0.000,0.000
[RX] cmd:ok
[TX] 0.050,0.000,0.000
[RX] cmd:ok
[RX] cmd:ok
[TX] 0.050,0.000,0.000
[RX] cmd:ok
[TX] 0.050,0.000,0.000
[RX] cmd:ok
[TX] 0.050,0.000,0.000
[RX] cmd:ok
[TX] 0.050,0.000,0.000
[TX] 0.050,0.000,0.000
[RX] cmd:ok
[RX] cmd:ok
[TX] 0.050,0.000,0.000
[RX] cmd:ok
[TX] 0.050,0.000,0.000
[TX] 0.050,0.000,0.000
[RX] cmd:ok
[TX] 0.050,0.000,0.000
[RX] cmd:ok
[TX] 0.050,0.000,0.000
[RX] cmd:ok
[RX] cmd:ok
[TX] 0.050,0.000,0.000
[RX] cmd:ok
[TX] 0.050,0.000,0.000
[TX] 0.050,0.000,0.000
[RX] cmd:ok
[RX] cmd:ok
[TX] 0.050,0.000,0.000
[TX] 0.050,0.000,0.000
[RX] cmd:ok
[TX] 0.050,0.000,0.000
[RX] cmd:ok
[TX] 0.050,0.000,0.000
[RX] cmd:ok
[RX] cmd:ok
[TX] 0.050,0.000,0.000
[TX] 0.050,0.000,0.000
[RX] cmd:ok
[RX] cmd:ok
[TX] 0.050,0.000,0.000
[TX] 0.050,0.000,0.000
[RX] cmd:ok
[RX] cmd:ok
[TX] 0.050,0.000,0.000
[TX] 0.050,0.000,0.000
[RX] cmd:ok
[RX] cmd:ok
[TX] 0.050,0.000,0.000
[RX] cmd:ok
[TX] 0.050,0.000,0.000
[RX] cmd:ok
[TX] 0.050,0.000,0.000
[TX] 0.050,0.000,0.000
[RX] cmd:ok
[RX] cmd:ok
[TX] 0.050,0.000,0.000
[RX] cmd:ok
[TX] 0.050,0.000,0.000
[RX] cmd:ok
[TX] 0.050,0.000,0.000
[RX] cmd:ok
[TX] 0.050,0.000,0.000
[TX] 0.050,0.000,0.000
[RX] cmd:ok
[RX] cmd:ok
[TX] 0.050,0.000,0.000
[TX] 0.050,0.000,0.000
[RX] cmd:ok
[RX] cmd:ok
[TX] stop
[对齐] 找紫块前进中目标已落入椭圆 (u=+2.1, v=+8.0)，已停车
[位移] 找紫块前进微调位移 ΔD = +0.1460m

============================================================
【高精定位分析】紫色方块抓取点位姿校准完成：
  · 视觉对齐后实际抓取位:   X = 0.1460 m, Y = 0.0080 m
  · 真实微调纠偏位移 (ΔD):  +0.1460 m (+146.0 mm)
============================================================

[抓取] 调用机械臂 Id1（抓紫色块放左框）
[执行任务] 正在载入动作组: /home/pinqu/RG/raspberrypi/arm/action_groups/Id1_Pick_Purple_Put_Left.xml
[抓取] Id1 完成
[卸力] 舵机已失能节能
[RX] cmd:ok

------------------------------------------------------------
[位移核对] 阶段1 抓紫块（从路线起点算起）
  起点  X=+0.000  Y=+0.000  Yaw=+0.0°
  终点  X=+0.153  Y=+0.008  Yaw=+0.1°
  本段位移  ΔX=+0.153 m   ΔY=+0.008 m   ΔYaw=+0.1°
------------------------------------------------------------


==================================================
  阶段 7: 返回零点并前往橙色块抓取区
==================================================
  【分段测试 2/3】起点要求：车摆在紫块撞墙点
[复位] 退回紫块抓取微调前进位移: 0.146m

[相对移动] 退回紫块抓取位移 (目标 0.146m @ 0.60m/s)
[TX] -0.600,0.000,0.000
[RX] cmd:ok
[TX] -0.600,0.000,0.000
[RX] cmd:ok
[TX] -0.600,0.000,0.000
[RX] cmd:ok
[TX] -0.600,0.000,0.000
[TX] -0.600,0.000,0.000
[RX] cmd:ok
[RX] cmd:ok
[TX] -0.600,0.000,0.000
[RX] cmd:ok
[TX] -0.600,0.000,0.000
[RX] cmd:ok
[TX] -0.600,0.000,0.000
[RX] cmd:ok
[TX] -0.200,0.000,0.000
[TX] -0.200,0.000,0.000
[RX] cmd:ok
[TX] -0.200,0.000,0.000
[RX] cmd:ok
[TX] -0.200,0.000,0.000
[TX] -0.200,0.000,0.000
[RX] cmd:ok
[TX] -0.200,0.000,0.000
[RX] cmd:ok
[RX] cmd:ok
[TX] -0.200,0.000,0.000
[RX] cmd:ok
[TX] -0.200,0.000,0.000
[RX] cmd:ok
[TX] -0.200,0.000,0.000
[RX] cmd:ok
[TX] -0.200,0.000,0.000
[TX] stop

==================================================
  开始前往橙色块区（共 2 段）
==================================================

[路段 1/2] 向右平移 0.2m
    [保护] 本段实际路程上限 0.61m
[RX] cmd:ok
[RX] cmd:ok
[TX] 0.000,-0.600,0.000
[RX] cmd:ok
[TX] 0.000,-0.600,0.000
[RX] cmd:ok
[TX] 0.000,-0.600,0.000
[RX] cmd:ok
[TX] 0.000,-0.600,0.000
[RX] cmd:ok
[TX] 0.000,-0.600,0.000
[RX] cmd:ok
[TX] 0.000,-0.600,0.000
[RX] cmd:ok
[TX] 0.000,-0.600,0.000
[RX] cmd:ok
[TX] 0.000,-0.600,0.000
[RX] cmd:ok
[TX] 0.000,-0.600,0.000
[RX] cmd:ok
[TX] 0.000,-0.600,0.000
[TX] 0.000,-0.200,0.000
[RX] cmd:ok
[TX] 0.000,-0.200,0.000
[RX] cmd:ok
[TX] 0.000,-0.200,0.000
[RX] cmd:ok
[TX] 0.000,-0.200,0.000
[RX] cmd:ok
[TX] 0.000,-0.200,0.000
[RX] cmd:ok
[TX] 0.000,-0.200,0.000
[RX] cmd:ok
[TX] 0.000,-0.200,0.000
[RX] cmd:ok
[TX] 0.000,-0.200,0.000
[TX] 0.000,-0.200,0.000
[RX] cmd:ok
[RX] cmd:ok
[TX] 0.000,-0.200,0.000
[TX] stop

[路段 2/2] 原地右转 90.0 度
  执行转弯: 原地右转 90.0 度 (dyaw=-1.571 rad, -90.0°)
[RX] cmd:ok
[RX] cmd:ok
[TX] move,0.000,0.000,-1.571
[RX] move:ok
  转弯到位: 当前航向角 = -88.1°

==================================================
  前往橙色块区完成
==================================================

[撞墙段] 橙色块前左移撞墙（最大 1.40m，堵转 0.4s，撞墙即停）
[TX] stop
[TX] contact_enable,0
[TX] heading_hold,0
[RX] cmd:ok
[RX] contact:ok
[RX] heading_hold:off
[TX] 0.000,0.600,0.000
[TX] 0.000,0.600,0.000
[RX] cmd:ok
[TX] 0.000,0.600,0.000
[RX] cmd:ok
[TX] 0.000,0.600,0.000
[RX] cmd:ok
[TX] 0.000,0.600,0.000
[RX] cmd:ok
[TX] 0.000,0.600,0.000
[RX] cmd:ok
[TX] 0.000,0.600,0.000
[TX] 0.000,0.600,0.000
[RX] cmd:ok
[RX] cmd:ok
[TX] 0.000,0.600,0.000
[RX] cmd:ok
[TX] 0.000,0.595,0.000
[RX] cmd:ok
[TX] 0.000,0.595,0.000
[RX] cmd:ok
[TX] 0.000,0.595,0.000
[RX] cmd:ok
[TX] 0.000,0.595,0.000
[TX] 0.000,0.595,0.000
[TX] 0.000,0.595,0.000
[RX] cmd:ok
[RX] cmd:ok
[RX] cmd:ok
[TX] 0.000,0.586,0.000
[TX] 0.000,0.586,0.000
[RX] cmd:ok
[RX] cmd:ok
[TX] 0.000,0.586,0.000
[RX] cmd:ok
[TX] 0.000,0.586,0.000
[TX] 0.000,0.586,0.000
[RX] cmd:ok
[RX] cmd:ok
[TX] 0.000,0.572,0.000
[RX] cmd:ok
[TX] 0.000,0.572,0.000
[TX] 0.000,0.572,0.000
[RX] cmd:ok
[RX] cmd:ok
[TX] 0.000,0.572,0.000
[RX] cmd:ok
[TX] 0.000,0.554,0.000
[RX] cmd:ok
[TX] 0.000,0.554,0.000
[RX] cmd:ok
[TX] 0.000,0.554,0.000
[RX] cmd:ok
[TX] 0.000,0.554,0.000
[RX] cmd:ok
[TX] 0.000,0.554,0.000
[RX] cmd:ok
[TX] 0.000,0.532,0.000
[RX] cmd:ok
[TX] 0.000,0.532,0.000
[RX] cmd:ok
[TX] 0.000,0.532,0.000
[RX] cmd:ok
[TX] 0.000,0.532,0.000
[RX] cmd:ok
[TX] 0.000,0.532,0.000
[TX] 0.000,0.532,0.000
[RX] cmd:ok
[RX] cmd:ok
[TX] 0.000,0.511,0.000
[RX] cmd:ok
[TX] 0.000,0.511,0.000
[RX] cmd:ok
[TX] 0.000,0.511,0.000
[RX] cmd:ok
[TX] 0.000,0.511,0.000
[RX] cmd:ok
[TX] 0.000,0.491,0.000
[RX] cmd:ok
[TX] 0.000,0.491,0.000
[RX] cmd:ok
[TX] 0.000,0.491,0.000
[RX] cmd:ok
[TX] 0.000,0.491,0.000
[RX] cmd:ok
[TX] 0.000,0.491,0.000
[RX] cmd:ok
[TX] 0.000,0.472,0.000
[RX] cmd:ok
[TX] 0.000,0.472,0.000
[RX] cmd:ok
[TX] 0.000,0.472,0.000
[RX] cmd:ok
[TX] 0.000,0.472,0.000
[TX] 0.000,0.472,0.000
[RX] cmd:ok
[RX] cmd:ok
[TX] 0.000,0.453,0.000
[RX] cmd:ok
[TX] 0.000,0.453,0.000
[RX] cmd:ok
[TX] 0.000,0.453,0.000
[RX] cmd:ok
[TX] 0.000,0.453,0.000
[RX] cmd:ok
[TX] 0.000,0.453,0.000
[TX] 0.000,0.435,0.000
[RX] cmd:ok
[TX] 0.000,0.435,0.000
[RX] cmd:ok
[TX] 0.000,0.435,0.000
[RX] cmd:ok
[RX] cmd:ok
[TX] 0.000,0.435,0.000
[RX] cmd:ok
[TX] 0.000,0.418,0.000
[RX] cmd:ok
[TX] 0.000,0.418,0.000
[RX] cmd:ok
[TX] 0.000,0.418,0.000
[RX] cmd:ok
[TX] 0.000,0.418,0.000
[TX] 0.000,0.418,0.000
[RX] cmd:ok
[RX] cmd:ok
[TX] 0.000,0.402,0.000
[RX] cmd:ok
[TX] 0.000,0.402,0.000
[RX] cmd:ok
[TX] 0.000,0.402,0.000
[RX] cmd:ok
[TX] 0.000,0.402,0.000
[RX] cmd:ok
[TX] 0.000,0.402,0.000
[RX] cmd:ok
[TX] 0.000,0.386,0.000
[RX] cmd:ok
[TX] 0.000,0.386,0.000
[RX] cmd:ok
[TX] 0.000,0.386,0.000
[RX] cmd:ok
[TX] 0.000,0.386,0.000
[RX] cmd:ok
[TX] 0.000,0.386,0.000
[RX] cmd:ok
[TX] 0.000,0.371,0.000
[RX] cmd:ok
[TX] 0.000,0.371,0.000
[RX] cmd:ok
[TX] 0.000,0.371,0.000
[RX] cmd:ok
[TX] 0.000,0.371,0.000
[RX] cmd:ok
[TX] 0.000,0.371,0.000
[RX] cmd:ok
[TX] 0.000,0.356,0.000
[RX] cmd:ok
[TX] 0.000,0.356,0.000
[RX] cmd:ok
[TX] 0.000,0.356,0.000
[RX] cmd:ok
[TX] 0.000,0.356,0.000
[RX] cmd:ok
[TX] 0.000,0.356,0.000
[RX] cmd:ok
[TX] 0.000,0.342,0.000
[RX] cmd:ok
[TX] 0.000,0.342,0.000
[RX] cmd:ok
[TX] 0.000,0.342,0.000
[RX] cmd:ok
[TX] 0.000,0.342,0.000
[RX] cmd:ok
[TX] 0.000,0.342,0.000
[RX] cmd:ok
[TX] 0.000,0.329,0.000
[RX] cmd:ok
[TX] 0.000,0.329,0.000
[RX] cmd:ok
[TX] 0.000,0.329,0.000
[RX] cmd:ok
[TX] 0.000,0.329,0.000
[RX] cmd:ok
[TX] 0.000,0.329,0.000
[RX] cmd:ok
[TX] 0.000,0.316,0.000
[RX] cmd:ok
[TX] 0.000,0.316,0.000
[TX] 0.000,0.316,0.000
[RX] cmd:ok
[RX] cmd:ok
[TX] 0.000,0.316,0.000
[RX] cmd:ok
[TX] 0.000,0.316,0.000
[RX] cmd:ok
[TX] 0.000,0.303,0.000
[RX] cmd:ok
[TX] 0.000,0.303,0.000
[RX] cmd:ok
[TX] 0.000,0.303,0.000
[RX] cmd:ok
[TX] 0.000,0.303,0.000
[RX] cmd:ok
[TX] 0.000,0.291,0.000
[RX] cmd:ok
[TX] 0.000,0.291,0.000
[RX] cmd:ok
[TX] 0.000,0.291,0.000
[RX] cmd:ok
[TX] 0.000,0.291,0.000
[RX] cmd:ok
[TX] 0.000,0.291,0.000
[TX] 0.000,0.291,0.000
[RX] cmd:ok
[RX] cmd:ok
[TX] 0.000,0.280,0.000
[RX] cmd:ok
[TX] 0.000,0.280,0.000
[RX] cmd:ok
[TX] 0.000,0.280,0.000
[RX] cmd:ok
[TX] 0.000,0.280,0.000
[RX] cmd:ok
[TX] 0.000,0.269,0.000
[RX] cmd:ok
[TX] 0.000,0.269,0.000
[RX] cmd:ok
[TX] 0.000,0.269,0.000
[RX] cmd:ok
[TX] 0.000,0.269,0.000
[RX] cmd:ok
[TX] 0.000,0.269,0.000
[RX] cmd:ok
[TX] 0.000,0.258,0.000
[RX] cmd:ok
[TX] 0.000,0.258,0.000
[RX] cmd:ok
[TX] 0.000,0.258,0.000
[RX] cmd:ok
[TX] 0.000,0.258,0.000
[RX] cmd:ok
[TX] 0.000,0.258,0.000
[RX] cmd:ok
[TX] 0.000,0.248,0.000
[RX] cmd:ok
[TX] 0.000,0.248,0.000
[RX] cmd:ok
[TX] 0.000,0.248,0.000
[RX] cmd:ok
[TX] 0.000,0.248,0.000
[RX] cmd:ok
[TX] 0.000,0.248,0.000
[RX] cmd:ok
[TX] 0.000,0.239,0.000
[RX] cmd:ok
[TX] 0.000,0.239,0.000
[TX] 0.000,0.239,0.000
[RX] cmd:ok
[RX] cmd:ok
[TX] 0.000,0.239,0.000
[RX] cmd:ok
[TX] 0.000,0.239,0.000
[RX] cmd:ok
[TX] 0.000,0.229,0.000
[RX] cmd:ok
[TX] 0.000,0.229,0.000
[TX] 0.000,0.229,0.000
[RX] cmd:ok
[RX] cmd:ok
[TX] 0.000,0.229,0.000
[RX] cmd:ok
[TX] 0.000,0.229,0.000
[RX] cmd:ok
[TX] 0.000,0.220,0.000
[RX] cmd:ok
[TX] 0.000,0.220,0.000
[RX] cmd:ok
[TX] 0.000,0.220,0.000
[RX] cmd:ok
[TX] 0.000,0.220,0.000
[RX] cmd:ok
[TX] 0.000,0.220,0.000
[RX] cmd:ok
[TX] 0.000,0.211,0.000
[RX] cmd:ok
[TX] 0.000,0.211,0.000
[RX] cmd:ok
[TX] 0.000,0.211,0.000
[RX] cmd:ok
[TX] 0.000,0.211,0.000
[RX] cmd:ok
[TX] 0.000,0.203,0.000
[RX] cmd:ok
[TX] 0.000,0.203,0.000
[RX] cmd:ok
[TX] 0.000,0.203,0.000
[RX] cmd:ok
[TX] 0.000,0.203,0.000
[RX] cmd:ok
[TX] 0.000,0.203,0.000
[RX] cmd:ok
[TX] 0.000,0.195,0.000
[TX] 0.000,0.195,0.000
[RX] cmd:ok
[RX] cmd:ok
[TX] 0.000,0.195,0.000
[RX] cmd:ok
[TX] 0.000,0.195,0.000
[RX] cmd:ok
[TX] 0.000,0.195,0.000
[RX] cmd:ok
[TX] 0.000,0.187,0.000
[RX] cmd:ok
[TX] 0.000,0.187,0.000
[TX] 0.000,0.187,0.000
[RX] cmd:ok
[RX] cmd:ok
[TX] 0.000,0.187,0.000
[RX] cmd:ok
[TX] 0.000,0.187,0.000
[RX] cmd:ok
[TX] 0.000,0.180,0.000
[TX] 0.000,0.180,0.000
[RX] cmd:ok
[RX] cmd:ok
[TX] 0.000,0.180,0.000
[RX] cmd:ok
[TX] 0.000,0.180,0.000
[RX] cmd:ok
[TX] 0.000,0.180,0.000
[RX] cmd:ok
[TX] 0.000,0.173,0.000
[RX] cmd:ok
[TX] 0.000,0.173,0.000
[RX] cmd:ok
[TX] 0.000,0.173,0.000
[RX] cmd:ok
[TX] 0.000,0.173,0.000
[RX] cmd:ok
[TX] 0.000,0.173,0.000
[RX] cmd:ok
[TX] 0.000,0.166,0.000
[RX] cmd:ok
[TX] 0.000,0.166,0.000
[RX] cmd:ok
[TX] 0.000,0.166,0.000
[RX] cmd:ok
[TX] 0.000,0.166,0.000
[TX] 0.000,0.166,0.000
[RX] cmd:ok
[RX] cmd:ok
[TX] 0.000,0.160,0.000
[RX] cmd:ok
[TX] 0.000,0.160,0.000
[RX] cmd:ok
[TX] 0.000,0.160,0.000
[RX] cmd:ok
[TX] 0.000,0.160,0.000
[RX] cmd:ok
[TX] 0.000,0.160,0.000
[RX] cmd:ok
[TX] 0.000,0.153,0.000
[RX] cmd:ok
[TX] 0.000,0.153,0.000
[RX] cmd:ok
[TX] 0.000,0.153,0.000
[RX] cmd:ok
[TX] 0.000,0.153,0.000
[RX] cmd:ok
[TX] 0.000,0.147,0.000
[RX] cmd:ok
[TX] 0.000,0.147,0.000
[RX] cmd:ok
[TX] 0.000,0.147,0.000
[RX] cmd:ok
[TX] 0.000,0.147,0.000
[RX] cmd:ok
[TX] 0.000,0.147,0.000
[RX] cmd:ok
[TX] 0.000,0.142,0.000
[RX] cmd:ok
[TX] 0.000,0.142,0.000
[RX] cmd:ok
[TX] 0.000,0.142,0.000
[RX] cmd:ok
[TX] 0.000,0.142,0.000
[TX] 0.000,0.142,0.000
[RX] cmd:ok
[TX] 0.000,0.142,0.000
[RX] cmd:ok
[TX] 0.000,0.136,0.000
[TX] 0.000,0.136,0.000
[RX] cmd:ok
[RX] cmd:ok
[RX] cmd:ok
[TX] 0.000,0.136,0.000
[RX] cmd:ok
[TX] 0.000,0.136,0.000
[RX] cmd:ok
[TX] 0.000,0.131,0.000
[TX] 0.000,0.131,0.000
[RX] cmd:ok
[RX] cmd:ok
[TX] 0.000,0.131,0.000
[RX] cmd:ok
[TX] 0.000,0.131,0.000
[RX] cmd:ok
[TX] 0.000,0.131,0.000
[RX] cmd:ok
[TX] 0.000,0.125,0.000
[RX] cmd:ok
[TX] 0.000,0.125,0.000
[RX] cmd:ok
[TX] 0.000,0.125,0.000
[RX] cmd:ok
[TX] 0.000,0.125,0.000
[TX] 0.000,0.125,0.000
[TX] 0.000,0.125,0.000
[RX] cmd:ok
[RX] cmd:ok
[RX] cmd:ok
[TX] 0.000,0.120,0.000
[TX] 0.000,0.120,0.000
[RX] cmd:ok
[RX] cmd:ok
[TX] 0.000,0.120,0.000
[TX] 0.000,0.120,0.000
[RX] cmd:ok
[RX] cmd:ok
[TX] 0.000,0.116,0.000
[TX] 0.000,0.116,0.000
[RX] cmd:ok
[RX] cmd:ok
[TX] 0.000,0.116,0.000
[RX] cmd:ok
[TX] 0.000,0.116,0.000
[TX] 0.000,0.116,0.000
[RX] cmd:ok
[RX] cmd:ok
[TX] 0.000,0.111,0.000
[RX] cmd:ok
[TX] 0.000,0.111,0.000
[RX] cmd:ok
[TX] 0.000,0.111,0.000
[RX] cmd:ok
[TX] 0.000,0.111,0.000
[TX] 0.000,0.111,0.000
[RX] cmd:ok
[RX] cmd:ok
[TX] 0.000,0.107,0.000
[RX] cmd:ok
[TX] 0.000,0.107,0.000
[RX] cmd:ok
[TX] 0.000,0.107,0.000
[RX] cmd:ok
[TX] 0.000,0.107,0.000
[RX] cmd:ok
[TX] 0.000,0.107,0.000
[RX] cmd:ok
[TX] 0.000,0.102,0.000
[RX] cmd:ok
[TX] 0.000,0.102,0.000
[TX] 0.000,0.102,0.000
[RX] cmd:ok
[TX] 0.000,0.102,0.000
[RX] cmd:ok
[RX] cmd:ok
[TX] 0.000,0.100,0.000
[RX] cmd:ok
[TX] 0.000,0.100,0.000
[RX] cmd:ok
[TX] 0.000,0.100,0.000
[RX] cmd:ok
[TX] 0.000,0.100,0.000
[RX] cmd:ok
[TX] 0.000,0.100,0.000
[RX] cmd:ok
[TX] 0.000,0.100,0.000
[RX] cmd:ok
[TX] 0.000,0.100,0.000
[RX] cmd:ok
[TX] 0.000,0.100,0.000
[RX] cmd:ok
[TX] 0.000,0.100,0.000
[RX] cmd:ok
[TX] 0.000,0.100,0.000
[RX] cmd:ok
[TX] 0.000,0.100,0.000
[RX] cmd:ok
[TX] 0.000,0.100,0.000
[RX] cmd:ok
[TX] 0.000,0.100,0.000
[RX] cmd:ok
[TX] 0.000,0.100,0.000
[RX] cmd:ok
[TX] 0.000,0.100,0.000
[RX] cmd:ok
[TX] 0.000,0.100,0.000
[TX] 0.000,0.100,0.000
[RX] cmd:ok
[RX] cmd:ok
[TX] 0.000,0.100,0.000
[TX] 0.000,0.100,0.000
[RX] cmd:ok
[RX] cmd:ok
[TX] 0.000,0.100,0.000
[TX] 0.000,0.100,0.000
[RX] cmd:ok
[RX] cmd:ok
[TX] 0.000,0.100,0.000
[TX] 0.000,0.100,0.000
[RX] cmd:ok
[RX] cmd:ok
[TX] 0.000,0.100,0.000
[RX] cmd:ok
[TX] 0.000,0.100,0.000
[RX] cmd:ok
[TX] 0.000,0.100,0.000
[RX] cmd:ok
[TX] 0.000,0.100,0.000
[RX] cmd:ok
[TX] 0.000,0.100,0.000
[RX] cmd:ok
[TX] 0.000,0.100,0.000
[RX] cmd:ok
[TX] 0.000,0.100,0.000
[RX] cmd:ok
[TX] 0.000,0.100,0.000
[RX] cmd:ok
[TX] 0.000,0.100,0.000
[RX] cmd:ok
[TX] 0.000,0.100,0.000
[RX] cmd:ok
[TX] 0.000,0.100,0.000
[RX] cmd:ok
[TX] 0.000,0.100,0.000
[RX] cmd:ok
[TX] 0.000,0.100,0.000
[RX] cmd:ok
[TX] 0.000,0.100,0.000
[RX] cmd:ok
[TX] 0.000,0.100,0.000
[RX] cmd:ok
[TX] 0.000,0.100,0.000
[RX] cmd:ok
[TX] 0.000,0.100,0.000
[TX] 0.000,0.100,0.000
[RX] cmd:ok
[RX] cmd:ok
[TX] 0.000,0.100,0.000
[RX] cmd:ok
[TX] 0.000,0.100,0.000
[RX] cmd:ok
[TX] 0.000,0.100,0.000
[RX] cmd:ok
[TX] 0.000,0.100,0.000
[RX] cmd:ok
[TX] 0.000,0.100,0.000
[RX] cmd:ok
[TX] 0.000,0.100,0.000
[TX] 0.000,0.100,0.000
[RX] cmd:ok
[RX] cmd:ok
[TX] 0.000,0.100,0.000
[TX] 0.000,0.100,0.000
[TX] stop
[撞墙段] 橙色块前左移撞墙走完 1.40m，未碰墙
[撞墙段] ⚠ 橙色块前左移撞墙：走了 1.40m（上限 1.40m）仍未检测到碰墙。车没顶到墙面，下面重置出来的基准点**不是**真实的撞墙位置。多半是这一段的 WALL_*_MAX 给小了，或现场有东西把车挡住了，请核对。

[基准重置] 橙色块前左移撞墙完成，将当前物理位姿重置为绝对基准原点 (0,0,0)...
[TX] odom_reset
[RX] cmd:ok
[RX] cmd:ok
[RX] cmd:ok
[警告] odom_reset 未收到 odom_reset:ok（多半被上一条 stop 的清队列吃掉了），重发 1/20...
[TX] odom_reset
[RX] odom_reset:ok
[基准重置] 第 2 次重发后 A 板确认归零。
[基准重置] A 板里程计重置成功！
[TX] heading_hold,1
[RX] heading_hold:on
[视觉] 前进检测第一个橙色块，最多 0.90m；未检测到则后退重新检测
[TX] 0.050,0.000,0.000
[RX] cmd:ok
[TX] 0.050,0.000,0.000
[TX] 0.050,0.000,0.000
[RX] cmd:ok
[RX] cmd:ok
[TX] 0.050,0.000,0.000
[TX] 0.050,0.000,0.000
[RX] cmd:ok
[RX] cmd:ok
[TX] 0.050,0.000,0.000
[RX] cmd:ok
[TX] 0.050,0.000,0.000
[TX] 0.050,0.000,0.000
[RX] cmd:ok
[RX] cmd:ok
[TX] 0.050,0.000,0.000
[RX] cmd:ok
[TX] 0.050,0.000,0.000
[RX] cmd:ok
[TX] 0.050,0.000,0.000
[RX] cmd:ok
[TX] 0.050,0.000,0.000
[RX] cmd:ok
[TX] 0.050,0.000,0.000
[RX] cmd:ok
[TX] 0.050,0.000,0.000
[RX] cmd:ok
[TX] 0.050,0.000,0.000
[TX] 0.050,0.000,0.000
[RX] cmd:ok
[RX] cmd:ok
[TX] 0.050,0.000,0.000
[TX] 0.050,0.000,0.000
[RX] cmd:ok
[RX] cmd:ok
[TX] 0.050,0.000,0.000
[RX] cmd:ok
[TX] 0.050,0.000,0.000
[TX] 0.050,0.000,0.000
[RX] cmd:ok
[RX] cmd:ok
[TX] 0.050,0.000,0.000
[TX] 0.050,0.000,0.000
[RX] cmd:ok
[RX] cmd:ok
[TX] 0.050,0.000,0.000
[RX] cmd:ok
[TX] 0.050,0.000,0.000
[TX] 0.050,0.000,0.000
[RX] cmd:ok
[RX] cmd:ok
[TX] 0.050,0.000,0.000
[TX] 0.050,0.000,0.000
[RX] cmd:ok
[RX] cmd:ok
[TX] 0.050,0.000,0.000
[RX] cmd:ok
[TX] 0.050,0.000,0.000
[TX] 0.050,0.000,0.000
[RX] cmd:ok
[RX] cmd:ok
[TX] 0.050,0.000,0.000
[TX] 0.050,0.000,0.000
[RX] cmd:ok
[RX] cmd:ok
[TX] 0.050,0.000,0.000
[TX] 0.050,0.000,0.000
[RX] cmd:ok
[RX] cmd:ok
[TX] 0.050,0.000,0.000
[TX] 0.050,0.000,0.000
[TX] 0.050,0.000,0.000
[RX] cmd:ok
[RX] cmd:ok
[RX] cmd:ok
[TX] 0.050,0.000,0.000
[RX] cmd:ok
[TX] 0.050,0.000,0.000
[RX] cmd:ok
[TX] 0.050,0.000,0.000
[RX] cmd:ok
[TX] 0.050,0.000,0.000
[RX] cmd:ok
[TX] 0.050,0.000,0.000
[RX] cmd:ok
[TX] 0.050,0.000,0.000
[RX] cmd:ok
[TX] 0.050,0.000,0.000
[TX] 0.050,0.000,0.000
[RX] cmd:ok
[RX] cmd:ok
[TX] 0.050,0.000,0.000
[RX] cmd:ok
[TX] 0.050,0.000,0.000
[TX] 0.050,0.000,0.000
[RX] cmd:ok
[RX] cmd:ok
[TX] 0.050,0.000,0.000
[TX] 0.050,0.000,0.000
[RX] cmd:ok
[RX] cmd:ok
[TX] 0.050,0.000,0.000
[RX] cmd:ok
[TX] 0.050,0.000,0.000
[TX] 0.050,0.000,0.000
[RX] cmd:ok
[RX] cmd:ok
[TX] 0.050,0.000,0.000
[TX] 0.050,0.000,0.000
[RX] cmd:ok
[RX] cmd:ok
[TX] 0.050,0.000,0.000
[RX] cmd:ok
[TX] 0.050,0.000,0.000
[TX] 0.050,0.000,0.000
[TX] 0.050,0.000,0.000
[RX] cmd:ok
[RX] cmd:ok
[RX] cmd:ok
[TX] 0.050,0.000,0.000
[TX] 0.050,0.000,0.000
[RX] cmd:ok
[RX] cmd:ok
[TX] 0.050,0.000,0.000
[RX] cmd:ok
[TX] 0.050,0.000,0.000
[RX] cmd:ok
[TX] 0.050,0.000,0.000
[TX] 0.050,0.000,0.000
[TX] 0.050,0.000,0.000
[TX] 0.050,0.000,0.000
[RX] cmd:ok
[RX] cmd:ok
[RX] cmd:ok
[RX] cmd:ok
[TX] 0.050,0.000,0.000
[TX] stop
[对齐] 找第1个橙块前进中目标已落入椭圆 (u=-4.0, v=-1.7)，已停车
[位移] 找第1个橙块前进微调位移 ΔD = +0.2030m
[抓取] 发现橙色块！调用机械臂抓取第一个（放中间框）...
[执行任务] 正在载入动作组: /home/pinqu/RG/raspberrypi/arm/action_groups/Id4_Far_Orange_Put_Middle.xml
[抓取] 第一个橙色块抓取完成 (中间框)
[视觉] 上一个目标锁定已释放 (等待 0.00s)
[视觉] 从当前位置重新检测第二个橙色块，最多 0.90m
[RX] cmd:ok
[RX] cmd:ok
[TX] 0.050,0.000,0.000
[RX] cmd:ok
[TX] 0.050,0.000,0.000
[RX] cmd:ok
[TX] 0.050,0.000,0.000
[RX] cmd:ok
[TX] 0.050,0.000,0.000
[RX] cmd:ok
[TX] 0.050,0.000,0.000
[RX] cmd:ok
[TX] 0.050,0.000,0.000
[RX] cmd:ok
[TX] 0.050,0.000,0.000
[RX] cmd:ok
[TX] 0.050,0.000,0.000
[RX] cmd:ok
[TX] 0.050,0.000,0.000
[RX] cmd:ok
[TX] 0.050,0.000,0.000
[RX] cmd:ok
[TX] 0.050,0.000,0.000
[RX] cmd:ok
[TX] 0.050,0.000,0.000
[RX] cmd:ok
[TX] 0.050,0.000,0.000
[RX] cmd:ok
[TX] 0.050,0.000,0.000
[RX] cmd:ok
[TX] 0.050,0.000,0.000
[RX] cmd:ok
[TX] 0.050,0.000,0.000
[RX] cmd:ok
[TX] 0.050,0.000,0.000
[TX] 0.050,0.000,0.000
[RX] cmd:ok
[RX] cmd:ok
[TX] 0.050,0.000,0.000
[TX] 0.050,0.000,0.000
[TX] 0.050,0.000,0.000
[RX] cmd:ok
[RX] cmd:ok
[RX] cmd:ok
[TX] 0.050,0.000,0.000
[RX] cmd:ok
[TX] 0.050,0.000,0.000
[RX] cmd:ok
[TX] 0.050,0.000,0.000
[RX] cmd:ok
[TX] 0.050,0.000,0.000
[RX] cmd:ok
[TX] 0.050,0.000,0.000
[RX] cmd:ok
[TX] 0.050,0.000,0.000
[RX] cmd:ok
[TX] 0.050,0.000,0.000
[RX] cmd:ok
[TX] 0.050,0.000,0.000
[RX] cmd:ok
[TX] 0.050,0.000,0.000
[TX] 0.050,0.000,0.000
[RX] cmd:ok
[RX] cmd:ok
[TX] 0.050,0.000,0.000
[RX] cmd:ok
[TX] 0.050,0.000,0.000
[TX] 0.050,0.000,0.000
[RX] cmd:ok
[RX] cmd:ok
[TX] 0.050,0.000,0.000
[TX] 0.050,0.000,0.000
[RX] cmd:ok
[RX] cmd:ok
[TX] 0.050,0.000,0.000
[TX] 0.050,0.000,0.000
[RX] cmd:ok
[RX] cmd:ok
[TX] 0.050,0.000,0.000
[TX] 0.050,0.000,0.000
[RX] cmd:ok
[RX] cmd:ok
[TX] 0.050,0.000,0.000
[TX] 0.050,0.000,0.000
[RX] cmd:ok
[RX] cmd:ok
[TX] 0.050,0.000,0.000
[TX] 0.050,0.000,0.000
[RX] cmd:ok
[RX] cmd:ok
[TX] 0.050,0.000,0.000
[RX] cmd:ok
[TX] 0.050,0.000,0.000
[RX] cmd:ok
[TX] 0.050,0.000,0.000
[RX] cmd:ok
[TX] 0.050,0.000,0.000
[TX] 0.050,0.000,0.000
[RX] cmd:ok
[RX] cmd:ok
[TX] 0.050,0.000,0.000
[RX] cmd:ok
[TX] 0.050,0.000,0.000
[TX] 0.050,0.000,0.000
[RX] cmd:ok
[RX] cmd:ok
[TX] 0.050,0.000,0.000
[RX] cmd:ok
[TX] 0.050,0.000,0.000
[RX] cmd:ok
[TX] 0.050,0.000,0.000
[RX] cmd:ok
[TX] 0.050,0.000,0.000
[TX] 0.050,0.000,0.000
[RX] cmd:ok
[RX] cmd:ok
[TX] 0.050,0.000,0.000
[TX] 0.050,0.000,0.000
[RX] cmd:ok
[RX] cmd:ok
[TX] 0.050,0.000,0.000
[RX] cmd:ok
[TX] 0.050,0.000,0.000
[RX] cmd:ok
[TX] 0.050,0.000,0.000
[RX] cmd:ok
[TX] 0.050,0.000,0.000
[RX] cmd:ok
[TX] 0.050,0.000,0.000
[TX] 0.050,0.000,0.000
[RX] cmd:ok
[TX] 0.050,0.000,0.000
[RX] cmd:ok
[RX] cmd:ok
[TX] 0.050,0.000,0.000
[RX] cmd:ok
[TX] 0.050,0.000,0.000
[RX] cmd:ok
[TX] 0.050,0.000,0.000
[RX] cmd:ok
[TX] 0.050,0.000,0.000
[RX] cmd:ok
[TX] 0.050,0.000,0.000
[RX] cmd:ok
[TX] 0.050,0.000,0.000
[RX] cmd:ok
[TX] 0.050,0.000,0.000
[RX] cmd:ok
[TX] 0.050,0.000,0.000
[RX] cmd:ok
[TX] 0.050,0.000,0.000
[RX] cmd:ok
[TX] 0.050,0.000,0.000
[TX] 0.050,0.000,0.000
[RX] cmd:ok
[RX] cmd:ok
[TX] 0.050,0.000,0.000
[TX] 0.050,0.000,0.000
[RX] cmd:ok
[RX] cmd:ok
[TX] 0.050,0.000,0.000
[RX] cmd:ok
[TX] 0.050,0.000,0.000
[TX] 0.050,0.000,0.000
[RX] cmd:ok
[RX] cmd:ok
[TX] 0.050,0.000,0.000
[TX] 0.050,0.000,0.000
[RX] cmd:ok
[RX] cmd:ok
[TX] 0.050,0.000,0.000
[RX] cmd:ok
[TX] 0.050,0.000,0.000
[TX] 0.050,0.000,0.000
[TX] 0.050,0.000,0.000
[RX] cmd:ok
[TX] 0.050,0.000,0.000
[RX] cmd:ok
[RX] cmd:ok
[RX] cmd:ok
[TX] 0.050,0.000,0.000
[RX] cmd:ok
[TX] 0.050,0.000,0.000
[TX] 0.050,0.000,0.000
[RX] cmd:ok
[RX] cmd:ok
[TX] 0.050,0.000,0.000
[RX] cmd:ok
[TX] 0.050,0.000,0.000
[TX] 0.050,0.000,0.000
[RX] cmd:ok
[RX] cmd:ok
[TX] 0.050,0.000,0.000
[RX] cmd:ok
[TX] 0.050,0.000,0.000
[TX] 0.050,0.000,0.000
[RX] cmd:ok
[RX] cmd:ok
[TX] 0.050,0.000,0.000
[TX] 0.050,0.000,0.000
[RX] cmd:ok
[RX] cmd:ok
[TX] 0.050,0.000,0.000
[RX] cmd:ok
[TX] 0.050,0.000,0.000
[TX] 0.050,0.000,0.000
[RX] cmd:ok
[RX] cmd:ok
[TX] 0.050,0.000,0.000
[RX] cmd:ok
[TX] 0.050,0.000,0.000
[RX] cmd:ok
[TX] 0.050,0.000,0.000
[RX] cmd:ok
[TX] 0.050,0.000,0.000
[TX] 0.050,0.000,0.000
[RX] cmd:ok
[RX] cmd:ok
[TX] 0.050,0.000,0.000
[TX] 0.050,0.000,0.000
[RX] cmd:ok
[RX] cmd:ok
[TX] 0.050,0.000,0.000
[TX] 0.050,0.000,0.000
[TX] 0.050,0.000,0.000
[RX] cmd:ok
[RX] cmd:ok
[RX] cmd:ok
[TX] 0.050,0.000,0.000
[RX] cmd:ok
[TX] 0.050,0.000,0.000
[TX] 0.050,0.000,0.000
[RX] cmd:ok
[RX] cmd:ok
[TX] 0.050,0.000,0.000
[TX] 0.050,0.000,0.000
[RX] cmd:ok
[RX] cmd:ok
[TX] 0.050,0.000,0.000
[TX] 0.050,0.000,0.000
[RX] cmd:ok
[RX] cmd:ok
[TX] 0.050,0.000,0.000
[TX] 0.050,0.000,0.000
[TX] 0.050,0.000,0.000
[RX] cmd:ok
[TX] 0.050,0.000,0.000
[RX] cmd:ok
[RX] cmd:ok
[RX] cmd:ok
[TX] 0.050,0.000,0.000
[RX] cmd:ok
[TX] 0.050,0.000,0.000
[TX] 0.050,0.000,0.000
[RX] cmd:ok
[RX] cmd:ok
[TX] 0.050,0.000,0.000
[RX] cmd:ok
[TX] 0.050,0.000,0.000
[TX] 0.050,0.000,0.000
[RX] cmd:ok
[RX] cmd:ok
[TX] 0.050,0.000,0.000
[TX] 0.050,0.000,0.000
[RX] cmd:ok
[RX] cmd:ok
[TX] 0.050,0.000,0.000
[RX] cmd:ok
[TX] 0.050,0.000,0.000
[RX] cmd:ok
[TX] 0.050,0.000,0.000
[TX] 0.050,0.000,0.000
[RX] cmd:ok
[TX] 0.050,0.000,0.000
[RX] cmd:ok
[RX] cmd:ok
[TX] 0.050,0.000,0.000
[TX] 0.050,0.000,0.000
[RX] cmd:ok
[RX] cmd:ok
[TX] 0.050,0.000,0.000
[RX] cmd:ok
[TX] 0.050,0.000,0.000
[RX] cmd:ok
[TX] 0.050,0.000,0.000
[RX] cmd:ok
[TX] 0.050,0.000,0.000
[RX] cmd:ok
[TX] 0.050,0.000,0.000
[RX] cmd:ok
[TX] 0.050,0.000,0.000
[RX] cmd:ok
[TX] 0.050,0.000,0.000
[RX] cmd:ok
[TX] 0.050,0.000,0.000
[TX] 0.050,0.000,0.000
[RX] cmd:ok
[TX] 0.050,0.000,0.000
[RX] cmd:ok
[RX] cmd:ok
[TX] 0.050,0.000,0.000
[TX] 0.050,0.000,0.000
[RX] cmd:ok
[RX] cmd:ok
[TX] 0.050,0.000,0.000
[RX] cmd:ok
[TX] 0.050,0.000,0.000
[TX] 0.050,0.000,0.000
[RX] cmd:ok
[RX] cmd:ok
[TX] 0.050,0.000,0.000
[TX] 0.050,0.000,0.000
[RX] cmd:ok
[RX] cmd:ok
[TX] 0.050,0.000,0.000
[RX] cmd:ok
[TX] stop
[对齐] 找第2个橙块前进中目标已落入椭圆 (u=-4.1, v=+3.6)，已停车
[位移] 找第2个橙块前进微调位移 ΔD = +0.4637m
[抓取] 发现第二个橙色块！调用机械臂抓取（放右侧框）...
[执行任务] 正在载入动作组: /home/pinqu/RG/raspberrypi/arm/action_groups/Id2_Far_Orange_Put_Right.xml
[抓取] 第二个橙色块抓取完成 (右侧框)
[卸力] 舵机已失能节能
[RX] cmd:ok

------------------------------------------------------------
[位移核对] 阶段2 紫块零点→橙块（从紫块撞墙点算起）
  起点  X=+0.153  Y=+0.008  Yaw=+0.1°
  终点  X=+0.675  Y=-0.027  Yaw=-3.2°
  本段位移  ΔX=+0.522 m   ΔY=-0.035 m   ΔYaw=-3.2°
------------------------------------------------------------


==================================================
  阶段 8: 返程与方块搭建
==================================================
  【分段测试 3/3】起点要求：车摆在橙色块撞墙点
[返程] 退回橙色块初始点 (从 Y=-0.027 回到 Y=0.000)

==================================================
  开始退回初始点（共 1 段）
==================================================

[路段 1/1] 退回橙色块初始点
    [保护] 本段实际路程上限 0.34m
[TX] -0.600,0.000,0.000
[TX] -0.200,0.000,0.000
[TX] -0.200,0.000,0.000
[RX] cmd:ok
[TX] -0.200,0.000,0.000
[RX] cmd:ok
[RX] cmd:ok
[TX] -0.200,0.000,0.000
[RX] cmd:ok
[TX] -0.200,0.000,0.000
[TX] -0.200,0.000,0.000
[RX] cmd:ok
[RX] cmd:ok
[TX] -0.200,0.000,0.000
[RX] cmd:ok
[TX] -0.200,0.000,0.000
[RX] cmd:ok
[TX] -0.200,0.000,0.000
[RX] cmd:ok
[TX] -0.200,0.000,0.000
[RX] cmd:ok
[TX] -0.200,0.000,0.000
[RX] cmd:ok
[TX] -0.200,0.000,0.000
[TX] -0.200,0.000,0.000
[TX] -0.200,0.000,0.000
[TX] -0.200,0.000,0.000
[TX] -0.200,0.000,0.000
[RX] cmd:ok
[RX] cmd:ok
[RX] cmd:ok
[RX] cmd:ok
[RX] cmd:ok
[TX] -0.200,0.000,0.000
[RX] cmd:ok
[TX] -0.200,0.000,0.000
[RX] cmd:ok
[TX] -0.200,0.000,0.000
[RX] cmd:ok
[TX] -0.200,0.000,0.000
[RX] cmd:ok
[TX] -0.200,0.000,0.000
[RX] cmd:ok
[TX] -0.200,0.000,0.000
[RX] cmd:ok
[TX] -0.200,0.000,0.000
[RX] cmd:ok
[TX] -0.200,0.000,0.000
[RX] cmd:ok
[TX] -0.200,0.000,0.000
[RX] cmd:ok
[TX] -0.200,0.000,0.000
[RX] cmd:ok
[TX] -0.200,0.000,0.000
[RX] cmd:ok
[TX] -0.200,0.000,0.000
[TX] -0.200,0.000,0.000
[RX] cmd:ok
[RX] cmd:ok
[TX] -0.200,0.000,0.000
[RX] cmd:ok
[TX] -0.200,0.000,0.000
[RX] cmd:ok
[TX] -0.200,0.000,0.000
[RX] cmd:ok
[TX] -0.200,0.000,0.000
[TX] -0.200,0.000,0.000
[RX] cmd:ok
[RX] cmd:ok
[TX] -0.200,0.000,0.000
[RX] cmd:ok
[TX] -0.200,0.000,0.000
[RX] cmd:ok
[TX] -0.200,0.000,0.000
[RX] cmd:ok
[TX] -0.200,0.000,0.000
[RX] cmd:ok
[TX] -0.200,0.000,0.000
[TX] -0.200,0.000,0.000
[RX] cmd:ok
[RX] cmd:ok
[TX] -0.200,0.000,0.000
[TX] -0.200,0.000,0.000
[RX] cmd:ok
[RX] cmd:ok
[TX] -0.200,0.000,0.000
[RX] cmd:ok
[TX] -0.200,0.000,0.000
[TX] -0.200,0.000,0.000
[RX] cmd:ok
[RX] cmd:ok
[TX] -0.200,0.000,0.000
[RX] cmd:ok
[TX] -0.200,0.000,0.000
[RX] cmd:ok
[TX] -0.200,0.000,0.000
[TX] -0.200,0.000,0.000
[TX] -0.200,0.000,0.000
[RX] cmd:ok
[RX] cmd:ok
[RX] cmd:ok
[TX] -0.200,0.000,0.000
[RX] cmd:ok
[TX] -0.200,0.000,0.000
[RX] cmd:ok
[TX] -0.200,0.000,0.000
[RX] cmd:ok
[TX] -0.200,0.000,0.000
[TX] -0.200,0.000,0.000
[RX] cmd:ok
[TX] -0.200,0.000,0.000
[RX] cmd:ok
[RX] cmd:ok
[TX] -0.200,0.000,0.000
[RX] cmd:ok
[TX] -0.200,0.000,0.000
[TX] -0.200,0.000,0.000
[RX] cmd:ok
[RX] cmd:ok
[TX] -0.200,0.000,0.000
[RX] cmd:ok
[TX] -0.200,0.000,0.000
[RX] cmd:ok
[TX] -0.200,0.000,0.000
[RX] cmd:ok
[TX] -0.200,0.000,0.000
[RX] cmd:ok
[TX] -0.200,0.000,0.000
[RX] cmd:ok
[TX] -0.200,0.000,0.000
[RX] cmd:ok
[TX] -0.200,0.000,0.000
[TX] -0.200,0.000,0.000
[RX] cmd:ok
[RX] cmd:ok
[TX] -0.200,0.000,0.000
[RX] cmd:ok
[TX] -0.200,0.000,0.000
[RX] cmd:ok
[TX] -0.200,0.000,0.000
[TX] -0.200,0.000,0.000
[RX] cmd:ok
[RX] cmd:ok
[TX] -0.200,0.000,0.000
[TX] -0.200,0.000,0.000
[RX] cmd:ok
[RX] cmd:ok
[TX] -0.200,0.000,0.000
[RX] cmd:ok
[TX] -0.200,0.000,0.000
[RX] cmd:ok
[TX] -0.200,0.000,0.000
[RX] cmd:ok
[TX] -0.200,0.000,0.000
[RX] cmd:ok
[TX] -0.200,0.000,0.000
[TX] -0.200,0.000,0.000
[TX] -0.200,0.000,0.000
[TX] -0.200,0.000,0.000
[TX] -0.200,0.000,0.000
[TX] -0.200,0.000,0.000
[TX] -0.200,0.000,0.000
[TX] -0.200,0.000,0.000
[TX] -0.200,0.000,0.000
[TX] -0.200,0.000,0.000
[TX] -0.200,0.000,0.000
[TX] -0.200,0.000,0.000
[TX] -0.200,0.000,0.000
[TX] -0.200,0.000,0.000
[TX] -0.200,0.000,0.000
[TX] -0.200,0.000,0.000
[TX] -0.200,0.000,0.000
[TX] -0.200,0.000,0.000
[TX] -0.200,0.000,0.000
[TX] -0.200,0.000,0.000
[TX] -0.200,0.000,0.000
[TX] -0.200,0.000,0.000
[TX] -0.200,0.000,0.000
[TX] -0.200,0.000,0.000
[TX] -0.200,0.000,0.000
[TX] -0.200,0.000,0.000
[TX] -0.200,0.000,0.000
[TX] -0.200,0.000,0.000
[TX] -0.200,0.000,0.000
[TX] -0.200,0.000,0.000
[TX] -0.200,0.000,0.000
[TX] -0.200,0.000,0.000
[TX] -0.200,0.000,0.000
[TX] -0.200,0.000,0.000
[TX] -0.200,0.000,0.000
[TX] -0.200,0.000,0.000
[TX] -0.200,0.000,0.000
[TX] -0.200,0.000,0.000
[TX] -0.200,0.000,0.000
[TX] -0.200,0.000,0.000
[Warning] 遥测延迟（>0.8s 无 odom）
[TX] -0.200,0.000,0.000
[TX] -0.200,0.000,0.000
[TX] -0.200,0.000,0.000
[TX] -0.200,0.000,0.000
[TX] -0.200,0.000,0.000
[TX] -0.200,0.000,0.000
[TX] -0.200,0.000,0.000
[TX] -0.200,0.000,0.000
[TX] -0.200,0.000,0.000
[TX] -0.200,0.000,0.000
[TX] -0.200,0.000,0.000
[TX] -0.200,0.000,0.000
[TX] -0.200,0.000,0.000
[TX] -0.200,0.000,0.000
[TX] -0.200,0.000,0.000
[TX] -0.200,0.000,0.000
[TX] -0.200,0.000,0.000
[TX] -0.200,0.000,0.000
[TX] -0.200,0.000,0.000
[TX] -0.200,0.000,0.000
[TX] -0.200,0.000,0.000
[TX] -0.200,0.000,0.000
[TX] -0.200,0.000,0.000
[TX] -0.200,0.000,0.000
[TX] -0.200,0.000,0.000
[TX] -0.200,0.000,0.000
[TX] -0.200,0.000,0.000
[TX] -0.200,0.000,0.000
[TX] -0.200,0.000,0.000
[TX] -0.200,0.000,0.000
[TX] -0.200,0.000,0.000
[TX] -0.200,0.000,0.000
[TX] -0.200,0.000,0.000
[TX] -0.200,0.000,0.000
[TX] -0.200,0.000,0.000
[TX] -0.200,0.000,0.000
[TX] -0.200,0.000,0.000
[TX] -0.200,0.000,0.000
[TX] -0.200,0.000,0.000
[TX] -0.200,0.000,0.000
[TX] -0.200,0.000,0.000
[TX] -0.200,0.000,0.000
[TX] -0.200,0.000,0.000
[TX] -0.200,0.000,0.000
[TX] -0.200,0.000,0.000
[TX] -0.200,0.000,0.000
[TX] -0.200,0.000,0.000
[TX] -0.200,0.000,0.000
[TX] -0.200,0.000,0.000
[TX] -0.200,0.000,0.000
[TX] -0.200,0.000,0.000
[TX] -0.200,0.000,0.000
[TX] -0.200,0.000,0.000
[TX] -0.200,0.000,0.000
[TX] -0.200,0.000,0.000
[TX] -0.200,0.000,0.000
[TX] -0.200,0.000,0.000
[TX] -0.200,0.000,0.000
[TX] -0.200,0.000,0.000
[Warning] 遥测丢失（>2s 无 odom），检查无线链路！
[TX] -0.200,0.000,0.000

[链路] ⚠ A 板遥测停摆（连续 >2s 无 odom，里程计已不可信）（退回橙色块初始点），立即停车，尝试恢复...
[TX] stop
[重连] 检测到 A 板串口链路中断，尝试原地恢复（最多 20s）...
[TX] stop
[TX] heading_hold,1
[TX] heading_hold,1
[TX] heading_hold,1
[TX] heading_hold,1
[TX] heading_hold,1
[TX] heading_hold,1
[TX] heading_hold,1
[TX] heading_hold,1
[TX] heading_hold,1
[TX] heading_hold,1
[Error] 连接握手失败：握手超时（WAIT_HEADING），请检查下位机是否在线
[重连] 恢复失败：握手超时（WAIT_HEADING），请检查下位机是否在线

!!!!!!!!!!!!!!!!!!!!!!!!!!!!!!!!!!!!!!!!!!!!!!!!!!!!!!!!!!!!!!!!
【本轮中止】A 板遥测停摆（连续 >2s 无 odom，里程计已不可信）（退回橙色块初始点）且无法原地恢复
----------------------------------------------------------------
根因几乎总是硬件：A 板链路走的是 MuseLab nanoUART 这颗 USB 桥，
树莓派供电欠压时它会周期性重新枚举（dmesg 里 USB 1-1.1 反复 disconnect）。
此时 A 板若跟着掉电重启，会退回未解锁状态，里程计基准丢失 —— 本轮无法续跑。

排查顺序：
  1) vcgencmd get_throttled —— 若有 0x10000/0x40000 位，说明确实欠压，换 5V/3A 以上电源
  2) 把 nanoUART 从板载 hub 上挪开：直接插 Pi 的 USB3(蓝口) 或用带供电的 hub
     （现在 A 板 / 网卡 AX88179 / 机械臂 CH340 三个设备挤在同一个 VL805 hub 上）
  3) 换一根短一些、屏蔽好的 USB 线，插头插到底
  4) 重新解锁 A 板后，再运行本程序
!!!!!!!!!!!!!!!!!!!!!!!!!!!!!!!!!!!!!!!!!!!!!!!!!!!!!!!!!!!!!!!!
